// Jest Snapshot v1, https://goo.gl/fbAQLP

exports[`Welcome snapshots renders successfully 1`] = `
Object {
  "asFragment": [Function],
  "baseElement": <body>
    <div>
      <div
        class=""
      >
        <h1
          data-testid="welcome.title"
          style="color: seagreen; text-align: center;"
          title="Title example"
        >
          mock-message
        </h1>
        <div>
          <h2
            class="text-muted fs-1"
            data-testid="greeting.text"
            title="Current counter value is 0"
          >
            0
          </h2>
        </div>
        <button
          class="btn mx-1 default "
          data-testid="welcome.resetButton"
          type="button"
        >
          Reset Counter
        </button>
        <button
          class="btn mx-1 danger "
          data-testid="welcome.addButton"
          type="button"
        >
          Add value
        </button>
        <button
          class="btn mx-1 warning "
          data-testid="welcome.subtractButton"
          type="button"
        >
          Subtract value
        </button>
        <button
          class="btn mx-1 danger "
          type="button"
        >
          default text
        </button>
      </div>
    </div>
  </body>,
  "container": <div>
    <div
      class=""
    >
      <h1
        data-testid="welcome.title"
        style="color: seagreen; text-align: center;"
        title="Title example"
      >
        mock-message
      </h1>
      <div>
        <h2
          class="text-muted fs-1"
          data-testid="greeting.text"
          title="Current counter value is 0"
        >
          0
        </h2>
      </div>
      <button
        class="btn mx-1 default "
        data-testid="welcome.resetButton"
        type="button"
      >
        Reset Counter
      </button>
      <button
        class="btn mx-1 danger "
        data-testid="welcome.addButton"
        type="button"
      >
        Add value
      </button>
      <button
        class="btn mx-1 warning "
        data-testid="welcome.subtractButton"
        type="button"
      >
        Subtract value
      </button>
      <button
        class="btn mx-1 danger "
        type="button"
      >
        default text
      </button>
    </div>
  </div>,
  "debug": [Function],
  "findAllByAltText": [Function],
  "findAllByDisplayValue": [Function],
  "findAllByLabelText": [Function],
  "findAllByPlaceholderText": [Function],
  "findAllByRole": [Function],
  "findAllByTestId": [Function],
  "findAllByText": [Function],
  "findAllByTitle": [Function],
  "findByAltText": [Function],
  "findByDisplayValue": [Function],
  "findByLabelText": [Function],
  "findByPlaceholderText": [Function],
  "findByRole": [Function],
  "findByTestId": [Function],
  "findByText": [Function],
  "findByTitle": [Function],
  "getAllByAltText": [Function],
  "getAllByDisplayValue": [Function],
  "getAllByLabelText": [Function],
  "getAllByPlaceholderText": [Function],
  "getAllByRole": [Function],
  "getAllByTestId": [Function],
  "getAllByText": [Function],
  "getAllByTitle": [Function],
  "getByAltText": [Function],
  "getByDisplayValue": [Function],
  "getByLabelText": [Function],
  "getByPlaceholderText": [Function],
  "getByRole": [Function],
  "getByTestId": [Function],
  "getByText": [Function],
  "getByTitle": [Function],
  "queryAllByAltText": [Function],
  "queryAllByDisplayValue": [Function],
  "queryAllByLabelText": [Function],
  "queryAllByPlaceholderText": [Function],
  "queryAllByRole": [Function],
  "queryAllByTestId": [Function],
  "queryAllByText": [Function],
  "queryAllByTitle": [Function],
  "queryByAltText": [Function],
  "queryByDisplayValue": [Function],
  "queryByLabelText": [Function],
  "queryByPlaceholderText": [Function],
  "queryByRole": [Function],
  "queryByTestId": [Function],
  "queryByText": [Function],
  "queryByTitle": [Function],
  "rerender": [Function],
  "unmount": [Function],
}
`;
